Device: cuda
PyTorch: 2.12.0+cu132
Train=98988 Val=17231 Test=25974 dim=119
Train rain=0.2251 Test rain=0.2289

============================================================
SENSITIVITY ANALYSIS (seed=42, validation-set tuning)
============================================================

[S1] lambda_reg sensitivity
  EDL(cross_entropy,lam=0.0,ann=50) epoch 1/20 val=0.4138 af=0.000
  EDL(cross_entropy,lam=0.0,ann=50) epoch 5/20 val=0.3456 af=0.080
  EDL(cross_entropy,lam=0.0,ann=50) epoch 10/20 val=0.3305 af=0.180
  EDL(cross_entropy,lam=0.0,ann=50) epoch 15/20 val=0.3263 af=0.280
  EDL(cross_entropy,lam=0.0,ann=50) epoch 20/20 val=0.3251 af=0.380
  lam=0.0: val_f1=0.7661 test_f1=0.7742
  EDL(cross_entropy,lam=0.001,ann=50) epoch 1/20 val=0.4138 af=0.000
  EDL(cross_entropy,lam=0.001,ann=50) epoch 5/20 val=0.3457 af=0.080
  EDL(cross_entropy,lam=0.001,ann=50) epoch 10/20 val=0.3313 af=0.180
  EDL(cross_entropy,lam=0.001,ann=50) epoch 15/20 val=0.3261 af=0.280
  EDL(cross_entropy,lam=0.001,ann=50) epoch 20/20 val=0.3259 af=0.380
  lam=0.001: val_f1=0.7672 test_f1=0.7720
  EDL(cross_entropy,lam=0.01,ann=50) epoch 1/20 val=0.4138 af=0.000
  EDL(cross_entropy,lam=0.01,ann=50) epoch 5/20 val=0.3462 af=0.080
  EDL(cross_entropy,lam=0.01,ann=50) epoch 10/20 val=0.3322 af=0.180
  EDL(cross_entropy,lam=0.01,ann=50) epoch 15/20 val=0.3294 af=0.280
  EDL(cross_entropy,lam=0.01,ann=50) epoch 20/20 val=0.3304 af=0.380
  lam=0.01: val_f1=0.7699 test_f1=0.7732
  EDL(cross_entropy,lam=0.1,ann=50) epoch 1/20 val=0.4138 af=0.000
  EDL(cross_entropy,lam=0.1,ann=50) epoch 5/20 val=0.3505 af=0.080
  EDL(cross_entropy,lam=0.1,ann=50) epoch 10/20 val=0.3462 af=0.180
  EDL(cross_entropy,lam=0.1,ann=50) epoch 15/20 val=0.3511 af=0.280
  EDL(cross_entropy,lam=0.1,ann=50) epoch 20/20 val=0.3576 af=0.380
  lam=0.1: val_f1=0.7693 test_f1=0.7717

[S2] dropout sensitivity
  dropout=0.0: val_f1=0.7686 test_f1=0.7739
  dropout=0.2: val_f1=0.7670 test_f1=0.7753
  dropout=0.3: val_f1=0.7672 test_f1=0.7720
  dropout=0.4: val_f1=0.7683 test_f1=0.7731
  dropout=0.5: val_f1=0.7661 test_f1=0.7742

[S3] learning rate sensitivity
  EDL(cross_entropy,lam=0.001,ann=50) epoch 1/20 val=0.6472 af=0.000
  EDL(cross_entropy,lam=0.001,ann=50) epoch 5/20 val=0.4581 af=0.080
  EDL(cross_entropy,lam=0.001,ann=50) epoch 10/20 val=0.4033 af=0.180
  EDL(cross_entropy,lam=0.001,ann=50) epoch 15/20 val=0.3779 af=0.280
  EDL(cross_entropy,lam=0.001,ann=50) epoch 20/20 val=0.3629 af=0.380
  lr=0.0001: val_f1=0.7587 test_f1=0.7667
  EDL(cross_entropy,lam=0.001,ann=50) epoch 1/20 val=0.4605 af=0.000
  EDL(cross_entropy,lam=0.001,ann=50) epoch 5/20 val=0.3629 af=0.080
  EDL(cross_entropy,lam=0.001,ann=50) epoch 10/20 val=0.3394 af=0.180
  EDL(cross_entropy,lam=0.001,ann=50) epoch 15/20 val=0.3324 af=0.280
  EDL(cross_entropy,lam=0.001,ann=50) epoch 20/20 val=0.3285 af=0.380
  lr=0.0005: val_f1=0.7700 test_f1=0.7748
  EDL(cross_entropy,lam=0.001,ann=50) epoch 1/20 val=0.4138 af=0.000
  EDL(cross_entropy,lam=0.001,ann=50) epoch 5/20 val=0.3457 af=0.080
  EDL(cross_entropy,lam=0.001,ann=50) epoch 10/20 val=0.3313 af=0.180
  EDL(cross_entropy,lam=0.001,ann=50) epoch 15/20 val=0.3261 af=0.280
  EDL(cross_entropy,lam=0.001,ann=50) epoch 20/20 val=0.3259 af=0.380
  lr=0.001: val_f1=0.7672 test_f1=0.7720
  EDL(cross_entropy,lam=0.001,ann=50) epoch 1/20 val=0.3602 af=0.000
  EDL(cross_entropy,lam=0.001,ann=50) epoch 5/20 val=0.3307 af=0.080
  EDL(cross_entropy,lam=0.001,ann=50) epoch 10/20 val=0.3229 af=0.180
  EDL(cross_entropy,lam=0.001,ann=50) epoch 15/20 val=0.3235 af=0.280
  EDL(cross_entropy,lam=0.001,ann=50) epoch 20/20 val=0.3219 af=0.380
  lr=0.005: val_f1=0.7711 test_f1=0.7735
  EDL(cross_entropy,lam=0.001,ann=50) epoch 1/20 val=0.3516 af=0.000
  EDL(cross_entropy,lam=0.001,ann=50) epoch 5/20 val=0.3278 af=0.080
  EDL(cross_entropy,lam=0.001,ann=50) epoch 10/20 val=0.3233 af=0.180
  EDL(cross_entropy,lam=0.001,ann=50) epoch 15/20 val=0.3258 af=0.280
  EDL(cross_entropy,lam=0.001,ann=50) epoch 20/20 val=0.3241 af=0.380
  lr=0.01: val_f1=0.7730 test_f1=0.7742

[Elasticity Summary]
  lambda_reg: range=[0.0,0.1] best_val=0.01 best_test_f1=0.7732 elasticity=0.0009 (Low)
  dropout: range=[0.0,0.5] best_val=0.0 best_test_f1=0.7739 elasticity=0.0024 (Low)
  learning_rate: range=[0.0001,0.01] best_val=0.01 best_test_f1=0.7742 elasticity=0.0035 (Low)

Sensitivity results saved to results/sensitivity_results_v2.csv and sensitivity_summary_v2.csv

============================================================
ROBUSTNESS ANALYSIS (seed=42)
============================================================

  Clean: acc=0.8546 ece=0.0098 unc_auroc=0.8094
  Noise 1%: acc=0.8548 ece=0.0091 unc_auroc=0.8090
  Noise 5%: acc=0.8550 ece=0.0103 unc_auroc=0.8063
  Noise 10%: acc=0.8535 ece=0.0094 unc_auroc=0.8051
  Noise 15%: acc=0.8522 ece=0.0093 unc_auroc=0.7988
  Missing 5%: acc=0.8451 ece=0.0126 unc_auroc=0.7947
  Missing 10%: acc=0.8360 ece=0.0178 unc_auroc=0.7833
  Missing 20%: acc=0.8169 ece=0.0338 unc_auroc=0.7629
  Missing 30%: acc=0.7938 ece=0.0491 unc_auroc=0.7456

Robustness results saved to results/robustness_results_v2.csv

============================================================
SENSITIVITY + ROBUSTNESS COMPLETE
============================================================
