
============================================================
SEED=42 SPLIT=temporal
============================================================
[DataLoader] Loaded raw data: (145460, 23)
[DataLoader] After dropping target-missing rows: (142193, 23)
[DataLoader] Dropped columns (4): ['Sunshine', 'Evaporation', 'Cloud3pm', 'Cloud9am']
[DataLoader] Date features extracted: Year, Month, DayOfYear, Season, Month_sin/cos, DayOfYear_sin/cos
[DataLoader] Target encoded. Distribution: {0: 110316, 1: 31877}
[DataLoader] Split mode: temporal
[DataLoader] Splits -> Train: 98988, Val: 17231, Test: 25974
[DataLoader] Feature dimension after preprocessing: 119
Train=98988 Val=17231 Test=25974 input_dim=119
Train rain rate=0.2251 Test rain rate=0.2289

[EDL-Fixed] Training (masked KL, uniform prior)...
  Epoch 1/50 train_loss=0.5176 val_loss=0.4130 af=0.000
  Epoch 20/50 train_loss=0.3132 val_loss=0.3236 af=0.380
  Early stopping at epoch 34
  EDL-Fixed: acc=0.8568 f1=0.7766 ece=0.0103 unc_auroc=0.8066

[EDL-C1] Training (same as EDL-Fixed, global climatology prior at inference)...
  Epoch 1/50 train_loss=0.5176 val_loss=0.4130 af=0.000
  Epoch 20/50 train_loss=0.3132 val_loss=0.3236 af=0.380
  Early stopping at epoch 34
  EDL-C1: acc=0.8561 f1=0.7703 ece=0.0139 unc_auroc=0.8084

[LR] Training (no class_weight)...
[Sklearn] Training LogisticRegression (class_weight=False) ...
  LR: acc=0.8381 f1=0.7405 ece=0.0119

[RF] Training (no class_weight)...
[Sklearn] Training RandomForest (class_weight=False) ...
  RF: acc=0.8438 f1=0.7395 ece=0.0266

[XGB] Training (no scale_pos_weight)...
[Sklearn] Training XGBoost (class_weight=False) ...
C:\Program Files\Python313\Lib\site-packages\xgboost\training.py:200: UserWarning: [13:08:05] WARNING: C:\actions-runner\_work\xgboost\xgboost\src\learner.cc:793: 
Parameters: { "use_label_encoder" } are not used.

  bst.update(dtrain, iteration=i, fobj=obj)
  XGB: acc=0.8507 f1=0.7642 ece=0.0085

[LSTM] Training...
  [LSTM] Epoch 1/50 train_loss=0.4005 val_loss=0.3434
  [LSTM] Epoch 20/50 train_loss=0.3040 val_loss=0.3117
  [LSTM] Early stopping at epoch 28
  LSTM: acc=0.8565 f1=0.7806 unc_auroc=0.8118 (F1 fix: no longer 0.5)

[GRU] Training...
  [GRU] Epoch 1/50 train_loss=0.3845 val_loss=0.3447
  [GRU] Epoch 20/50 train_loss=0.3108 val_loss=0.3176
  [GRU] Early stopping at epoch 29
  GRU: acc=0.8560 f1=0.7782 unc_auroc=0.8109 (F1 fix: no longer 0.5)

[MCDropout] Training...
  [MCDROPOUT] Epoch 1/50 train_loss=0.3864 val_loss=0.3377
  [MCDROPOUT] Early stopping at epoch 18
  MCDropout: acc=0.8560 f1=0.7782 unc_auroc=0.8062

[BNN] Training...
  [BNN] Epoch 1/50 train_loss=0.9524 val_loss=0.3508
  [BNN] Early stopping at epoch 12
  BNN: acc=0.8492 f1=0.7548 unc_auroc=0.7995
  Climatology: acc=0.7711 brier=0.1765

[Done] Seed 42 completed in 588.7s

============================================================
AGGREGATED RESULTS (mean +/- std)
============================================================
EDL-Fixed       acc=0.8568±0.0000 f1=0.7766±0.0000 ece=0.0103±0.0000 unc_auroc=0.8066±0.0000
EDL-C1          acc=0.8561±0.0000 f1=0.7703±0.0000 ece=0.0139±0.0000 unc_auroc=0.8084±0.0000
LR              acc=0.8381±0.0000 f1=0.7405±0.0000 ece=0.0119±0.0000 unc_auroc=0.7782±0.0000
RF              acc=0.8438±0.0000 f1=0.7395±0.0000 ece=0.0266±0.0000 unc_auroc=0.7817±0.0000
XGB             acc=0.8507±0.0000 f1=0.7642±0.0000 ece=0.0085±0.0000 unc_auroc=0.8008±0.0000
LSTM            acc=0.8565±0.0000 f1=0.7806±0.0000 ece=0.0126±0.0000 unc_auroc=0.8118±0.0000
GRU             acc=0.8560±0.0000 f1=0.7782±0.0000 ece=0.0092±0.0000 unc_auroc=0.8109±0.0000
MCDropout       acc=0.8560±0.0000 f1=0.7782±0.0000 ece=0.0177±0.0000 unc_auroc=0.8062±0.0000
BNN             acc=0.8492±0.0000 f1=0.7548±0.0000 ece=0.0142±0.0000 unc_auroc=0.7995±0.0000
Climatology     acc=0.7711±0.0000 f1=0.4354±0.0000 ece=0.0038±0.0000 unc_auroc=0.5000±0.0000

Results saved to D:\ResearchPaperPrepare\17_Evidence_Rainfall\code\..\results\fixed_results_temporal_seed42.json
