
============================================================
SEED=42 SPLIT=temporal
============================================================
[DataLoader] Loaded raw data: (145460, 23)
[DataLoader] After dropping target-missing rows: (142193, 23)
[DataLoader] Dropped columns (4): ['Cloud9am', 'Sunshine', 'Evaporation', 'Cloud3pm']
[DataLoader] Date features extracted: Year, Month, DayOfYear, Season, Month_sin/cos, DayOfYear_sin/cos
[DataLoader] Target encoded. Distribution: {0: 110316, 1: 31877}
[DataLoader] Split mode: temporal
[DataLoader] Splits -> Train: 98988, Val: 17231, Test: 25974
[DataLoader] Feature dimension after preprocessing: 119
Train=98988 Val=17231 Test=25974 input_dim=119
Train rain rate=0.2251 Test rain rate=0.2289

[EDL-Fixed] Training (masked KL, uniform prior)...
  Epoch 1/200 train_loss=0.5176 val_loss=0.4130 af=0.000
  Epoch 20/200 train_loss=0.3132 val_loss=0.3236 af=0.380
  Epoch 40/200 train_loss=0.2920 val_loss=0.3274 af=0.780
  Early stopping at epoch 46
  EDL-Fixed: acc=0.8568 f1=0.7766 ece=0.0103 unc_auroc=0.8066

[EDL-C1] Training (global climatology prior + masked KL)...
  Epoch 1/200 train_loss=0.5176 val_loss=0.4130 af=0.000
  Epoch 20/200 train_loss=0.3132 val_loss=0.3236 af=0.380
  Epoch 40/200 train_loss=0.2920 val_loss=0.3274 af=0.780
  Early stopping at epoch 46
  EDL-C1: acc=0.8561 f1=0.7703 ece=0.0139 unc_auroc=0.8084

[LR] Training (no class_weight)...
[Sklearn] Training LogisticRegression (class_weight=False) ...
  LR: acc=0.8381 f1=0.7405 ece=0.0119

[RF] Training (no class_weight)...
[Sklearn] Training RandomForest (class_weight=False) ...
  RF: acc=0.8438 f1=0.7395 ece=0.0266

[XGB] Training (no scale_pos_weight)...
[Sklearn] Training XGBoost (class_weight=False) ...
C:\Program Files\Python313\Lib\site-packages\xgboost\training.py:200: UserWarning: [13:03:52] WARNING: C:\actions-runner\_work\xgboost\xgboost\src\learner.cc:793: 
Parameters: { "use_label_encoder" } are not used.

  bst.update(dtrain, iteration=i, fobj=obj)
  XGB: acc=0.8507 f1=0.7642 ece=0.0085

[LSTM] Training...


ERROR: TypeError: LSTMClassifier.__init__() got multiple values for argument 'input_size'
Traceback (most recent call last):
  File "D:\ResearchPaperPrepare\17_Evidence_Rainfall\code\run_wrapper.py", line 13, in <module>
    exec(open('run_fixed_experiments.py').read())
    ~~~~^^^^^^^^^^^^^^^^^^^^^^^^^^^^^^^^^^^^^^^^^
  File "<string>", line 418, in <module>
  File "<string>", line 316, in run_seed
  File "D:\ResearchPaperPrepare\17_Evidence_Rainfall\code\train.py", line 230, in train_torch_baseline
    model = build_model(model_name, input_dim, num_classes=2, **model_kwargs).to(DEVICE)
            ~~~~~~~~~~~^^^^^^^^^^^^^^^^^^^^^^^^^^^^^^^^^^^^^^^^^^^^^^^^^^^^^^
  File "D:\ResearchPaperPrepare\17_Evidence_Rainfall\code\models.py", line 310, in build_model
    return LSTMClassifier(input_dim, num_classes=num_classes, **kwargs)
TypeError: LSTMClassifier.__init__() got multiple values for argument 'input_size'
