Seeds found: [42, 123, 456, 789, 2024]
Number of seeds: 5
Methods: ['BNN', 'EDL-C1', 'EDL-Fixed', 'GRU', 'LR', 'LSTM', 'MCDropout', 'RF', 'XGB']

================================================================================
AGGREGATED RESULTS (mean ± std over 5 seeds, temporal split)
================================================================================
Method      accuracy              f1_macro              auc                   ece                   brier                 uncertainty_auroc     
BNN         0.8503±0.0007      0.7607±0.0027      0.8803±0.0007      0.0136±0.0023      0.1069±0.0003      0.8038±0.0015      
EDL-C1      0.8554±0.0010      0.7658±0.0019      0.8889±0.0010      0.0210±0.0030      0.1039±0.0005      0.8069±0.0027      
EDL-Fixed   0.8559±0.0016      0.7742±0.0024      0.8889±0.0010      0.0089±0.0026      0.1032±0.0004      0.8094±0.0036      
GRU         0.8568±0.0006      0.7780±0.0027      0.8897±0.0004      0.0108±0.0015      0.1029±0.0003      0.8089±0.0009      
LR          0.8381±0.0000      0.7405±0.0000      0.8539±0.0000      0.0119±0.0000      0.1167±0.0000      0.7782±0.0000      
LSTM        0.8565±0.0010      0.7799±0.0023      0.8901±0.0006      0.0137±0.0018      0.1029±0.0003      0.8102±0.0015      
MCDropout   0.8563±0.0006      0.7773±0.0016      0.8889±0.0004      0.0088±0.0043      0.1032±0.0001      0.8082±0.0008      
RF          0.8426±0.0008      0.7377±0.0012      0.8646±0.0003      0.0266±0.0006      0.1140±0.0000      0.7845±0.0020      
XGB         0.8512±0.0003      0.7648±0.0004      0.8795±0.0005      0.0080±0.0003      0.1069±0.0001      0.8006±0.0008      

================================================================================
PAIRED WILCOXON SIGNED-RANK TESTS (EDL-Fixed vs each baseline, 5 seeds)
================================================================================
Unified interpretation rule: W=0 + p=0.0625 means 5/5 seeds favor one side;
  with n=5 we DO NOT claim statistical significance (only directional consistency).
  Cohen's d_z is seed-level stability, NOT sample-level effect size.


--- EDL-Fixed vs BNN ---
  accuracy              : diff=+0.005513 ± 0.002102  W=0.0  p=0.0625  seeds_favor_EDL=5/5  seeds_favor_BNN=0/5  d_z=+2.622  winner=EDL-Fixed
  f1_macro              : diff=+0.013478 ± 0.004054  W=0.0  p=0.0625  seeds_favor_EDL=5/5  seeds_favor_BNN=0/5  d_z=+3.325  winner=EDL-Fixed
  auc                   : diff=+0.008533 ± 0.001285  W=0.0  p=0.0625  seeds_favor_EDL=5/5  seeds_favor_BNN=0/5  d_z=+6.639  winner=EDL-Fixed
  ece                   : diff=-0.004780 ± 0.003419  W=1.0  p=0.1250  seeds_favor_EDL=1/5  seeds_favor_BNN=4/5  d_z=-1.398  winner=EDL-Fixed
  brier                 : diff=-0.003641 ± 0.000596  W=0.0  p=0.0625  seeds_favor_EDL=0/5  seeds_favor_BNN=5/5  d_z=-6.109  winner=EDL-Fixed
  uncertainty_auroc     : diff=+0.005560 ± 0.003251  W=0.0  p=0.0625  seeds_favor_EDL=5/5  seeds_favor_BNN=0/5  d_z=+1.710  winner=EDL-Fixed

--- EDL-Fixed vs EDL-C1 ---
  accuracy              : diff=+0.000454 ± 0.001009  W=4.0  p=0.4375  seeds_favor_EDL=4/5  seeds_favor_EDL-C1=1/5  d_z=+0.450  winner=EDL-Fixed
  f1_macro              : diff=+0.008305 ± 0.001917  W=0.0  p=0.0625  seeds_favor_EDL=5/5  seeds_favor_EDL-C1=0/5  d_z=+4.332  winner=EDL-Fixed
  auc                   : diff=-0.000038 ± 0.000019  W=0.0  p=0.0625  seeds_favor_EDL=0/5  seeds_favor_EDL-C1=5/5  d_z=-1.961  winner=EDL-C1
  ece                   : diff=-0.012117 ± 0.003742  W=0.0  p=0.0625  seeds_favor_EDL=0/5  seeds_favor_EDL-C1=5/5  d_z=-3.238  winner=EDL-Fixed
  brier                 : diff=-0.000637 ± 0.000233  W=0.0  p=0.0625  seeds_favor_EDL=0/5  seeds_favor_EDL-C1=5/5  d_z=-2.729  winner=EDL-Fixed
  uncertainty_auroc     : diff=+0.002435 ± 0.001755  W=0.0  p=0.0625  seeds_favor_EDL=5/5  seeds_favor_EDL-C1=0/5  d_z=+1.387  winner=EDL-Fixed

--- EDL-Fixed vs GRU ---
  accuracy              : diff=-0.000978 ± 0.001665  W=3.0  p=0.3125  seeds_favor_EDL=2/5  seeds_favor_GRU=3/5  d_z=-0.587  winner=GRU
  f1_macro              : diff=-0.003886 ± 0.004282  W=1.0  p=0.1250  seeds_favor_EDL=1/5  seeds_favor_GRU=4/5  d_z=-0.908  winner=GRU
  auc                   : diff=-0.000811 ± 0.000637  W=0.0  p=0.0625  seeds_favor_EDL=0/5  seeds_favor_GRU=5/5  d_z=-1.273  winner=GRU
  ece                   : diff=-0.001907 ± 0.002796  W=2.0  p=0.1875  seeds_favor_EDL=1/5  seeds_favor_GRU=4/5  d_z=-0.682  winner=EDL-Fixed
  brier                 : diff=+0.000370 ± 0.000285  W=1.0  p=0.1250  seeds_favor_EDL=4/5  seeds_favor_GRU=1/5  d_z=+1.296  winner=GRU
  uncertainty_auroc     : diff=+0.000470 ± 0.003783  W=6.0  p=0.8125  seeds_favor_EDL=3/5  seeds_favor_GRU=2/5  d_z=+0.124  winner=EDL-Fixed

--- EDL-Fixed vs LR ---
  accuracy              : diff=+0.017787 ± 0.001648  W=0.0  p=0.0625  seeds_favor_EDL=5/5  seeds_favor_LR=0/5  d_z=+10.792  winner=EDL-Fixed
  f1_macro              : diff=+0.033640 ± 0.002437  W=0.0  p=0.0625  seeds_favor_EDL=5/5  seeds_favor_LR=0/5  d_z=+13.801  winner=EDL-Fixed
  auc                   : diff=+0.034979 ± 0.000977  W=0.0  p=0.0625  seeds_favor_EDL=5/5  seeds_favor_LR=0/5  d_z=+35.798  winner=EDL-Fixed
  ece                   : diff=-0.003080 ± 0.002576  W=0.0  p=0.0625  seeds_favor_EDL=0/5  seeds_favor_LR=5/5  d_z=-1.196  winner=EDL-Fixed
  brier                 : diff=-0.013438 ± 0.000406  W=0.0  p=0.0625  seeds_favor_EDL=0/5  seeds_favor_LR=5/5  d_z=-33.059  winner=EDL-Fixed
  uncertainty_auroc     : diff=+0.031144 ± 0.003574  W=0.0  p=0.0625  seeds_favor_EDL=5/5  seeds_favor_LR=0/5  d_z=+8.714  winner=EDL-Fixed

--- EDL-Fixed vs LSTM ---
  accuracy              : diff=-0.000670 ± 0.001198  W=4.0  p=0.4375  seeds_favor_EDL=1/5  seeds_favor_LSTM=4/5  d_z=-0.559  winner=LSTM
  f1_macro              : diff=-0.005765 ± 0.002836  W=0.0  p=0.0625  seeds_favor_EDL=0/5  seeds_favor_LSTM=5/5  d_z=-2.033  winner=LSTM
  auc                   : diff=-0.001257 ± 0.000897  W=0.0  p=0.0625  seeds_favor_EDL=0/5  seeds_favor_LSTM=5/5  d_z=-1.402  winner=LSTM
  ece                   : diff=-0.004852 ± 0.002907  W=0.0  p=0.0625  seeds_favor_EDL=0/5  seeds_favor_LSTM=5/5  d_z=-1.669  winner=EDL-Fixed
  brier                 : diff=+0.000384 ± 0.000370  W=1.0  p=0.1250  seeds_favor_EDL=4/5  seeds_favor_LSTM=1/5  d_z=+1.038  winner=LSTM
  uncertainty_auroc     : diff=-0.000795 ± 0.004175  W=6.0  p=0.8125  seeds_favor_EDL=2/5  seeds_favor_LSTM=3/5  d_z=-0.190  winner=LSTM

--- EDL-Fixed vs MCDropout ---
  accuracy              : diff=-0.000470 ± 0.001695  W=5.0  p=0.6250  seeds_favor_EDL=2/5  seeds_favor_MCDropout=3/5  d_z=-0.277  winner=MCDropout
  f1_macro              : diff=-0.003178 ± 0.002091  W=0.0  p=0.0625  seeds_favor_EDL=0/5  seeds_favor_MCDropout=5/5  d_z=-1.520  winner=MCDropout
  auc                   : diff=-0.000001 ± 0.000640  W=7.0  p=1.0000  seeds_favor_EDL=3/5  seeds_favor_MCDropout=2/5  d_z=-0.002  winner=MCDropout
  ece                   : diff=+0.000021 ± 0.004478  W=6.0  p=0.8125  seeds_favor_EDL=2/5  seeds_favor_MCDropout=3/5  d_z=+0.005  winner=MCDropout
  brier                 : diff=+0.000050 ± 0.000336  W=6.0  p=0.8125  seeds_favor_EDL=3/5  seeds_favor_MCDropout=2/5  d_z=+0.150  winner=MCDropout
  uncertainty_auroc     : diff=+0.001231 ± 0.003960  W=5.0  p=0.6250  seeds_favor_EDL=3/5  seeds_favor_MCDropout=2/5  d_z=+0.311  winner=EDL-Fixed

--- EDL-Fixed vs RF ---
  accuracy              : diff=+0.013275 ± 0.001947  W=0.0  p=0.0625  seeds_favor_EDL=5/5  seeds_favor_RF=0/5  d_z=+6.816  winner=EDL-Fixed
  f1_macro              : diff=+0.036472 ± 0.002896  W=0.0  p=0.0625  seeds_favor_EDL=5/5  seeds_favor_RF=0/5  d_z=+12.595  winner=EDL-Fixed
  auc                   : diff=+0.024226 ± 0.001066  W=0.0  p=0.0625  seeds_favor_EDL=5/5  seeds_favor_RF=0/5  d_z=+22.734  winner=EDL-Fixed
  ece                   : diff=-0.017753 ± 0.003012  W=0.0  p=0.0625  seeds_favor_EDL=0/5  seeds_favor_RF=5/5  d_z=-5.894  winner=EDL-Fixed
  brier                 : diff=-0.010799 ± 0.000427  W=0.0  p=0.0625  seeds_favor_EDL=0/5  seeds_favor_RF=5/5  d_z=-25.289  winner=EDL-Fixed
  uncertainty_auroc     : diff=+0.024835 ± 0.003737  W=0.0  p=0.0625  seeds_favor_EDL=5/5  seeds_favor_RF=0/5  d_z=+6.646  winner=EDL-Fixed

--- EDL-Fixed vs XGB ---
  accuracy              : diff=+0.004705 ± 0.001511  W=0.0  p=0.0625  seeds_favor_EDL=5/5  seeds_favor_XGB=0/5  d_z=+3.113  winner=EDL-Fixed
  f1_macro              : diff=+0.009306 ± 0.002242  W=0.0  p=0.0625  seeds_favor_EDL=5/5  seeds_favor_XGB=0/5  d_z=+4.151  winner=EDL-Fixed
  auc                   : diff=+0.009413 ± 0.000934  W=0.0  p=0.0625  seeds_favor_EDL=5/5  seeds_favor_XGB=0/5  d_z=+10.077  winner=EDL-Fixed
  ece                   : diff=+0.000891 ± 0.002540  W=5.0  p=0.6250  seeds_favor_EDL=4/5  seeds_favor_XGB=1/5  d_z=+0.351  winner=XGB
  brier                 : diff=-0.003657 ± 0.000342  W=0.0  p=0.0625  seeds_favor_EDL=0/5  seeds_favor_XGB=5/5  d_z=-10.697  winner=EDL-Fixed
  uncertainty_auroc     : diff=+0.008819 ± 0.003934  W=0.0  p=0.0625  seeds_favor_EDL=5/5  seeds_favor_XGB=0/5  d_z=+2.242  winner=EDL-Fixed

================================================================================
HOLM-BONFERRONI CORRECTION (all paired comparisons)
================================================================================
  Test 'EDL-Fixed_vs_BNN_accuracy': raw_p=6.2500e-02  adjusted_p=1.0000e+00  reject_H0=False
  Test 'EDL-Fixed_vs_BNN_f1_macro': raw_p=6.2500e-02  adjusted_p=1.0000e+00  reject_H0=False
  Test 'EDL-Fixed_vs_BNN_auc': raw_p=6.2500e-02  adjusted_p=1.0000e+00  reject_H0=False
  Test 'EDL-Fixed_vs_BNN_ece': raw_p=1.2500e-01  adjusted_p=1.0000e+00  reject_H0=False
  Test 'EDL-Fixed_vs_BNN_brier': raw_p=6.2500e-02  adjusted_p=1.0000e+00  reject_H0=False
  Test 'EDL-Fixed_vs_BNN_uncertainty_auroc': raw_p=6.2500e-02  adjusted_p=1.0000e+00  reject_H0=False
  Test 'EDL-Fixed_vs_EDL-C1_accuracy': raw_p=4.3750e-01  adjusted_p=1.0000e+00  reject_H0=False
  Test 'EDL-Fixed_vs_EDL-C1_f1_macro': raw_p=6.2500e-02  adjusted_p=1.0000e+00  reject_H0=False
  Test 'EDL-Fixed_vs_EDL-C1_auc': raw_p=6.2500e-02  adjusted_p=1.0000e+00  reject_H0=False
  Test 'EDL-Fixed_vs_EDL-C1_ece': raw_p=6.2500e-02  adjusted_p=1.0000e+00  reject_H0=False
  Test 'EDL-Fixed_vs_EDL-C1_brier': raw_p=6.2500e-02  adjusted_p=1.0000e+00  reject_H0=False
  Test 'EDL-Fixed_vs_EDL-C1_uncertainty_auroc': raw_p=6.2500e-02  adjusted_p=1.0000e+00  reject_H0=False
  Test 'EDL-Fixed_vs_GRU_accuracy': raw_p=3.1250e-01  adjusted_p=1.0000e+00  reject_H0=False
  Test 'EDL-Fixed_vs_GRU_f1_macro': raw_p=1.2500e-01  adjusted_p=1.0000e+00  reject_H0=False
  Test 'EDL-Fixed_vs_GRU_auc': raw_p=6.2500e-02  adjusted_p=1.0000e+00  reject_H0=False
  Test 'EDL-Fixed_vs_GRU_ece': raw_p=1.8750e-01  adjusted_p=1.0000e+00  reject_H0=False
  Test 'EDL-Fixed_vs_GRU_brier': raw_p=1.2500e-01  adjusted_p=1.0000e+00  reject_H0=False
  Test 'EDL-Fixed_vs_GRU_uncertainty_auroc': raw_p=8.1250e-01  adjusted_p=1.0000e+00  reject_H0=False
  Test 'EDL-Fixed_vs_LR_accuracy': raw_p=6.2500e-02  adjusted_p=1.0000e+00  reject_H0=False
  Test 'EDL-Fixed_vs_LR_f1_macro': raw_p=6.2500e-02  adjusted_p=1.0000e+00  reject_H0=False
  Test 'EDL-Fixed_vs_LR_auc': raw_p=6.2500e-02  adjusted_p=1.0000e+00  reject_H0=False
  Test 'EDL-Fixed_vs_LR_ece': raw_p=6.2500e-02  adjusted_p=1.0000e+00  reject_H0=False
  Test 'EDL-Fixed_vs_LR_brier': raw_p=6.2500e-02  adjusted_p=1.0000e+00  reject_H0=False
  Test 'EDL-Fixed_vs_LR_uncertainty_auroc': raw_p=6.2500e-02  adjusted_p=1.0000e+00  reject_H0=False
  Test 'EDL-Fixed_vs_LSTM_accuracy': raw_p=4.3750e-01  adjusted_p=1.0000e+00  reject_H0=False
  Test 'EDL-Fixed_vs_LSTM_f1_macro': raw_p=6.2500e-02  adjusted_p=1.0000e+00  reject_H0=False
  Test 'EDL-Fixed_vs_LSTM_auc': raw_p=6.2500e-02  adjusted_p=1.0000e+00  reject_H0=False
  Test 'EDL-Fixed_vs_LSTM_ece': raw_p=6.2500e-02  adjusted_p=1.0000e+00  reject_H0=False
  Test 'EDL-Fixed_vs_LSTM_brier': raw_p=1.2500e-01  adjusted_p=1.0000e+00  reject_H0=False
  Test 'EDL-Fixed_vs_LSTM_uncertainty_auroc': raw_p=8.1250e-01  adjusted_p=1.0000e+00  reject_H0=False
  Test 'EDL-Fixed_vs_MCDropout_accuracy': raw_p=6.2500e-01  adjusted_p=1.0000e+00  reject_H0=False
  Test 'EDL-Fixed_vs_MCDropout_f1_macro': raw_p=6.2500e-02  adjusted_p=1.0000e+00  reject_H0=False
  Test 'EDL-Fixed_vs_MCDropout_auc': raw_p=1.0000e+00  adjusted_p=1.0000e+00  reject_H0=False
  Test 'EDL-Fixed_vs_MCDropout_ece': raw_p=8.1250e-01  adjusted_p=1.0000e+00  reject_H0=False
  Test 'EDL-Fixed_vs_MCDropout_brier': raw_p=8.1250e-01  adjusted_p=1.0000e+00  reject_H0=False
  Test 'EDL-Fixed_vs_MCDropout_uncertainty_auroc': raw_p=6.2500e-01  adjusted_p=1.0000e+00  reject_H0=False
  Test 'EDL-Fixed_vs_RF_accuracy': raw_p=6.2500e-02  adjusted_p=1.0000e+00  reject_H0=False
  Test 'EDL-Fixed_vs_RF_f1_macro': raw_p=6.2500e-02  adjusted_p=1.0000e+00  reject_H0=False
  Test 'EDL-Fixed_vs_RF_auc': raw_p=6.2500e-02  adjusted_p=1.0000e+00  reject_H0=False
  Test 'EDL-Fixed_vs_RF_ece': raw_p=6.2500e-02  adjusted_p=1.0000e+00  reject_H0=False
  Test 'EDL-Fixed_vs_RF_brier': raw_p=6.2500e-02  adjusted_p=1.0000e+00  reject_H0=False
  Test 'EDL-Fixed_vs_RF_uncertainty_auroc': raw_p=6.2500e-02  adjusted_p=1.0000e+00  reject_H0=False
  Test 'EDL-Fixed_vs_XGB_accuracy': raw_p=6.2500e-02  adjusted_p=1.0000e+00  reject_H0=False
  Test 'EDL-Fixed_vs_XGB_f1_macro': raw_p=6.2500e-02  adjusted_p=1.0000e+00  reject_H0=False
  Test 'EDL-Fixed_vs_XGB_auc': raw_p=6.2500e-02  adjusted_p=1.0000e+00  reject_H0=False
  Test 'EDL-Fixed_vs_XGB_ece': raw_p=6.2500e-01  adjusted_p=1.0000e+00  reject_H0=False
  Test 'EDL-Fixed_vs_XGB_brier': raw_p=6.2500e-02  adjusted_p=1.0000e+00  reject_H0=False
  Test 'EDL-Fixed_vs_XGB_uncertainty_auroc': raw_p=6.2500e-02  adjusted_p=1.0000e+00  reject_H0=False

================================================================================
95% CIs OVER 5 SEEDS (t-distribution; seed variability only, NOT sample-level)
================================================================================

BNN:
  accuracy              : mean=0.8503  95% CI=[0.8495, 0.8512]
  f1_macro              : mean=0.7607  95% CI=[0.7573, 0.7641]
  auc                   : mean=0.8803  95% CI=[0.8795, 0.8812]
  ece                   : mean=0.0136  95% CI=[0.0109, 0.0164]
  brier                 : mean=0.1069  95% CI=[0.1065, 0.1072]
  uncertainty_auroc     : mean=0.8038  95% CI=[0.8019, 0.8057]

EDL-C1:
  accuracy              : mean=0.8554  95% CI=[0.8542, 0.8566]
  f1_macro              : mean=0.7658  95% CI=[0.7635, 0.7682]
  auc                   : mean=0.8889  95% CI=[0.8877, 0.8901]
  ece                   : mean=0.0210  95% CI=[0.0173, 0.0247]
  brier                 : mean=0.1039  95% CI=[0.1033, 0.1045]
  uncertainty_auroc     : mean=0.8069  95% CI=[0.8036, 0.8103]

EDL-Fixed:
  accuracy              : mean=0.8559  95% CI=[0.8538, 0.8579]
  f1_macro              : mean=0.7742  95% CI=[0.7711, 0.7772]
  auc                   : mean=0.8889  95% CI=[0.8877, 0.8901]
  ece                   : mean=0.0089  95% CI=[0.0057, 0.0121]
  brier                 : mean=0.1032  95% CI=[0.1027, 0.1037]
  uncertainty_auroc     : mean=0.8094  95% CI=[0.8049, 0.8138]

GRU:
  accuracy              : mean=0.8568  95% CI=[0.8561, 0.8576]
  f1_macro              : mean=0.7780  95% CI=[0.7747, 0.7814]
  auc                   : mean=0.8897  95% CI=[0.8891, 0.8902]
  ece                   : mean=0.0108  95% CI=[0.0089, 0.0126]
  brier                 : mean=0.1029  95% CI=[0.1025, 0.1032]
  uncertainty_auroc     : mean=0.8089  95% CI=[0.8078, 0.8101]

LR:
  accuracy              : mean=0.8381  95% CI=[0.8381, 0.8381]
  f1_macro              : mean=0.7405  95% CI=[0.7405, 0.7405]
  auc                   : mean=0.8539  95% CI=[0.8539, 0.8539]
  ece                   : mean=0.0119  95% CI=[0.0119, 0.0119]
  brier                 : mean=0.1167  95% CI=[0.1167, 0.1167]
  uncertainty_auroc     : mean=0.7782  95% CI=[0.7782, 0.7782]

LSTM:
  accuracy              : mean=0.8565  95% CI=[0.8552, 0.8578]
  f1_macro              : mean=0.7799  95% CI=[0.7771, 0.7827]
  auc                   : mean=0.8901  95% CI=[0.8893, 0.8909]
  ece                   : mean=0.0137  95% CI=[0.0115, 0.0160]
  brier                 : mean=0.1029  95% CI=[0.1025, 0.1032]
  uncertainty_auroc     : mean=0.8102  95% CI=[0.8083, 0.8120]

MCDropout:
  accuracy              : mean=0.8563  95% CI=[0.8556, 0.8570]
  f1_macro              : mean=0.7773  95% CI=[0.7754, 0.7793]
  auc                   : mean=0.8889  95% CI=[0.8884, 0.8894]
  ece                   : mean=0.0088  95% CI=[0.0036, 0.0141]
  brier                 : mean=0.1032  95% CI=[0.1030, 0.1033]
  uncertainty_auroc     : mean=0.8082  95% CI=[0.8072, 0.8091]

RF:
  accuracy              : mean=0.8426  95% CI=[0.8416, 0.8436]
  f1_macro              : mean=0.7377  95% CI=[0.7362, 0.7392]
  auc                   : mean=0.8646  95% CI=[0.8642, 0.8651]
  ece                   : mean=0.0266  95% CI=[0.0259, 0.0274]
  brier                 : mean=0.1140  95% CI=[0.1140, 0.1141]
  uncertainty_auroc     : mean=0.7845  95% CI=[0.7821, 0.7870]

XGB:
  accuracy              : mean=0.8512  95% CI=[0.8508, 0.8515]
  f1_macro              : mean=0.7648  95% CI=[0.7643, 0.7654]
  auc                   : mean=0.8795  95% CI=[0.8788, 0.8801]
  ece                   : mean=0.0080  95% CI=[0.0076, 0.0084]
  brier                 : mean=0.1069  95% CI=[0.1067, 0.1071]
  uncertainty_auroc     : mean=0.8006  95% CI=[0.7996, 0.8015]

Statistical analysis saved to D:\ResearchPaperPrepare\17_Evidence_Rainfall\code\..\results\statistical_tests_seed_level.json
