
[Seed 42] Training all models for per-sample predictions...

============================================================
STATISTICAL ANALYSIS (seed=42, n_test=25974)
============================================================

--- McNemar tests (accuracy, paired on test set) ---
  EDL_UQ vs LR: EDL_acc=0.8546 LR_acc=0.8381 b=1099 c=669 p=1.1427e-24 dir=A_better
  EDL_UQ vs RF: EDL_acc=0.8546 RF_acc=0.8434 b=963 c=672 p=6.4493e-13 dir=A_better
  EDL_UQ vs XGB: EDL_acc=0.8546 XGB_acc=0.8505 b=738 c=630 p=3.8007e-03 dir=A_better
  EDL_UQ vs LSTM: EDL_acc=0.8546 LSTM_acc=0.8556 b=405 c=430 p=4.0624e-01 dir=B_better
  EDL_UQ vs GRU: EDL_acc=0.8546 GRU_acc=0.8559 b=396 c=428 p=2.8016e-01 dir=B_better
  EDL_UQ vs MCDropout: EDL_acc=0.8546 MCDropout_acc=0.8557 b=400 c=429 p=3.3081e-01 dir=B_better
  EDL_UQ vs BNN: EDL_acc=0.8546 BNN_acc=0.8510 b=561 c=466 p=3.3352e-03 dir=A_better

--- DeLong tests (AUC-ROC, paired on test set) ---
  EDL_UQ vs LR: EDL_auc=0.8873 LR_auc=0.8539 z=21.428 p=0.0000e+00
  EDL_UQ vs RF: EDL_auc=0.8873 RF_auc=0.8684 z=13.635 p=0.0000e+00
  EDL_UQ vs XGB: EDL_auc=0.8873 XGB_auc=0.8787 z=7.562 p=3.9524e-14
  EDL_UQ vs LSTM: EDL_auc=0.8873 LSTM_auc=0.8895 z=-3.590 p=3.3070e-04
  EDL_UQ vs GRU: EDL_auc=0.8873 GRU_auc=0.8890 z=-2.675 p=7.4747e-03
  EDL_UQ vs MCDropout: EDL_auc=0.8873 MCDropout_auc=0.8882 z=-1.327 p=1.8450e-01
  EDL_UQ vs BNN: EDL_auc=0.8873 BNN_auc=0.8803 z=8.011 p=1.1102e-15

--- Bootstrap CIs for accuracy differences (10,000 iterations) ---
  EDL_UQ - LR: diff=+0.0166 95% CI=[+0.0134, +0.0198] *
  EDL_UQ - RF: diff=+0.0112 95% CI=[+0.0082, +0.0143] *
  EDL_UQ - XGB: diff=+0.0042 95% CI=[+0.0013, +0.0070] *
  EDL_UQ - LSTM: diff=-0.0010 95% CI=[-0.0031, +0.0012] ns
  EDL_UQ - GRU: diff=-0.0012 95% CI=[-0.0034, +0.0009] ns
  EDL_UQ - MCDropout: diff=-0.0011 95% CI=[-0.0032, +0.0010] ns
  EDL_UQ - BNN: diff=+0.0037 95% CI=[+0.0012, +0.0061] *

--- Uncertainty-AUROC paired bootstrap tests ---
  Unc-AUROC EDL_UQ(0.8094) - LR(0.7782): diff=+0.0312 CI=[+0.0242, +0.0384] *
  Unc-AUROC EDL_UQ(0.8094) - RF(0.7911): diff=+0.0183 CI=[+0.0119, +0.0251] *
  Unc-AUROC EDL_UQ(0.8094) - XGB(0.8009): diff=+0.0085 CI=[+0.0023, +0.0149] *
  Unc-AUROC EDL_UQ(0.8094) - LSTM(0.8108): diff=-0.0014 CI=[-0.0063, +0.0035] ns
  Unc-AUROC EDL_UQ(0.8094) - GRU(0.8087): diff=+0.0007 CI=[-0.0042, +0.0057] ns
  Unc-AUROC EDL_UQ(0.8094) - MCDropout(0.8084): diff=+0.0010 CI=[-0.0040, +0.0057] ns
  Unc-AUROC EDL_UQ(0.8094) - BNN(0.8020): diff=+0.0074 CI=[+0.0023, +0.0127] *

--- Holm-Bonferroni corrected p-values ---
  Comparison 0: raw_p=1.1427e-24 adjusted_p=1.3712e-23 reject=True
  Comparison 1: raw_p=6.4493e-13 adjusted_p=5.8044e-12 reject=True
  Comparison 2: raw_p=3.8007e-03 adjusted_p=2.2804e-02 reject=True
  Comparison 3: raw_p=4.0624e-01 adjusted_p=4.0624e-01 reject=False
  Comparison 4: raw_p=2.8016e-01 adjusted_p=8.4049e-01 reject=False
  Comparison 5: raw_p=3.3081e-01 adjusted_p=6.6163e-01 reject=False
  Comparison 6: raw_p=3.3352e-03 adjusted_p=2.3347e-02 reject=True
  Comparison 7: raw_p=0.0000e+00 adjusted_p=0.0000e+00 reject=True
  Comparison 8: raw_p=0.0000e+00 adjusted_p=0.0000e+00 reject=True
  Comparison 9: raw_p=3.9524e-14 adjusted_p=3.9524e-13 reject=True
  Comparison 10: raw_p=3.3070e-04 adjusted_p=2.6456e-03 reject=True
  Comparison 11: raw_p=7.4747e-03 adjusted_p=3.7373e-02 reject=True
  Comparison 12: raw_p=1.8450e-01 adjusted_p=7.3802e-01 reject=False
  Comparison 13: raw_p=1.1102e-15 adjusted_p=1.2212e-14 reject=True

Statistical analysis saved to D:\ResearchPaperPrepare\17_Evidence_Rainfall\code\..\results\statistical_tests_seed42.json
